Output 0: 6,-1,7,14,-37,3,7,-23,83,8,
Output 1: -21,-23,-4,-9,38,-7,-43,20,-21,78,
Output 2: -34,-11,1,90,-50,38,-53,-30,6,2,
Output 3: -28,78,13,-11,30,-27,-25,23,18,-24,
Output 4: -46,-27,-43,47,-76,118,-9,-59,20,8,
Output 5: 24,-25,-15,-10,-7,51,95,-24,27,-63,
Output 6: 83,-3,22,-32,-28,-19,18,0,9,28,
Output 7: -34,7,27,38,-10,-16,-74,87,-22,-6,
Output 8: -3,-19,111,7,13,-54,-14,10,-8,-39,
Output 9: -19,-22,1,9,18,1,-39,18,-10,71,
PASSED