There shouldnt be anything here since  mnist_fast is supposed to fail