Output 0: 6,-1,7,14,-37,3,7,-23,83,8,
Output 1: -21,-23,-4,-9,38,-7,-43,20,-21,78,
Output 2: -34,-11,1,90,-50,38,-53,-30,6,2,
Output 3: -28,78,13,-11,30,-27,-25,23,18,-24,
Output 4: -46,-27,-43,47,-76,118,-9,-59,20,8,
Output 5: 24,-25,-15,-10,-7,51,95,-24,27,-63,
Output 6: 83,-3,22,-32,-28,-19,18,0,9,28,
Output 7: -34,7,27,38,-10,-16,-74,87,-22,-6,
Output 8: -3,-19,111,7,13,-54,-14,10,-8,-39,
Output 9: -19,-22,1,9,18,1,-39,18,-10,71,
Output 10: -16,4,25,10,-35,5,-63,85,0,9,
Output 11: 0,25,99,22,-62,-40,-42,5,18,-27,
Output 12: -31,-14,-42,57,-53,92,-18,-45,9,22,
Output 13: 34,-6,10,-6,-12,20,88,-31,35,-48,
Output 14: 5,-11,-9,3,-29,46,69,-39,42,3,
Output 15: 87,-15,8,-33,-37,-7,15,7,28,5,
Output 16: -21,-17,-14,16,-1,-14,-49,19,14,77,
Output 17: -6,-17,-1,-46,100,-12,-8,30,-7,13,
Output 18: -5,-7,6,-20,68,6,-5,22,-2,25,
Output 19: 1,3,14,3,-23,0,-6,-8,81,16,
PASSED