Output 0: 6,-1,7,14,-37,3,7,-23,83,8,
Output 1: -21,-23,-4,-9,38,-7,-43,20,-21,78,
Output 2: -34,-11,1,90,-50,38,-53,-30,6,2,
Output 3: -28,78,13,-11,30,-27,-25,23,18,-24,
Output 4: -46,-27,-43,47,-76,118,-9,-59,20,8,
PASSED